src/routes/auth.routes.ts(2,52): error TS2307: Cannot find module '../controllers/auth.controller.js' or its corresponding type declarations.
src/routes/auth.routes.ts(3,35): error TS2307: Cannot find module '../utils/auth.middleware.js' or its corresponding type declarations.
src/routes/eligibility.routes.ts(5,34): error TS2307: Cannot find module '../controllers/eligibility.controller.js' or its corresponding type declarations.
src/routes/profile.routes.ts(2,45): error TS2307: Cannot find module '../controllers/profile.controller.js' or its corresponding type declarations.
src/routes/schemes.router.ts(10,62): error TS2307: Cannot find module '../controllers/schemes.controller.js' or its corresponding type declarations.
src/routes/schemes.router.ts(11,48): error TS2307: Cannot find module '../utils/auth.middleware.js' or its corresponding type declarations.
